// Jest Snapshot v1, https://goo.gl/fbAQLP

exports[`<Home /> should snapshot the Home page 1`] = `
.c0 {
  margin: 0;
  height: 200px;
  width: 100%;
  position: absolute;
  background-color: #0D0D0D;
}

<div
  class="c0"
/>
`;
